###############################################################################
#
# IAR ANSI C/C++ Compiler V8.50.1.245/W32 for ARM         09/Jan/2021  10:06:22
# Copyright 1999-2020 IAR Systems AB.
#
#    Cpu mode             
#    Endian            =  little
#    Source file       =
#        C:\Programming\Microcontrollers\Devices\apps\usb-device\uac-dac\src\main.c
#    Command line      =
#        -f C:\Users\18EE~1\AppData\Local\Temp\EW77C6.tmp
#        (C:\Programming\Microcontrollers\Devices\apps\usb-device\uac-dac\src\main.c
#        -D STM32F411xE -D HSE_VALUE=25000000 -D USBD_OTGFS --preprocess=s
#        C:\Programming\Microcontrollers\Devices\apps\usb-device\uac-dac\iar-stm32f411ce\uac-otgfs-spi-i2s\List
#        -lcN
#        C:\Programming\Microcontrollers\Devices\apps\usb-device\uac-dac\iar-stm32f411ce\uac-otgfs-spi-i2s\List
#        -o
#        C:\Programming\Microcontrollers\Devices\apps\usb-device\uac-dac\iar-stm32f411ce\uac-otgfs-spi-i2s\Obj
#        --no_cse --no_unroll --no_inline --no_code_motion --no_tbaa
#        --no_clustering --no_scheduling --debug --endian=little
#        --cpu=Cortex-M4 -e --fpu=VFPv4_sp --dlib_config "C:\Program Files
#        (x86)\IAR Systems\Embedded Workbench
#        8.4\arm\inc\c\DLib_Config_Normal.h" -I
#        C:\Programming\Microcontrollers\Devices\apps\usb-device\uac-dac\iar-stm32f411ce\..\src\
#        -I
#        C:\Programming\Microcontrollers\Devices\apps\usb-device\uac-dac\iar-stm32f411ce\..\..\..\..\hal\inc\
#        -I
#        C:\Programming\Microcontrollers\Devices\apps\usb-device\uac-dac\iar-stm32f411ce\..\..\..\..\drv\audio-out\
#        -I
#        C:\Programming\Microcontrollers\Devices\apps\usb-device\uac-dac\iar-stm32f411ce\..\..\..\..\lib\usbd\class\
#        -I
#        C:\Programming\Microcontrollers\Devices\apps\usb-device\uac-dac\iar-stm32f411ce\..\..\..\..\lib\usbd\uac-dac\
#        -I
#        C:\Programming\Microcontrollers\Devices\apps\usb-device\uac-dac\iar-stm32f411ce\..\..\..\..\cpu\stm32f411ce\
#        -I
#        C:\Programming\Microcontrollers\Devices\apps\usb-device\uac-dac\iar-stm32f411ce\..\..\..\..\platform\
#        -I
#        C:\Programming\Microcontrollers\Devices\apps\usb-device\uac-dac\iar-stm32f411ce\..\..\..\..\3rd-party\drivers\cmsis\core\
#        -I
#        C:\Programming\Microcontrollers\Devices\apps\usb-device\uac-dac\iar-stm32f411ce\..\..\..\..\3rd-party\drivers\cmsis\device\ST\STM32F4xx\Include\
#        -I
#        C:\Programming\Microcontrollers\Devices\apps\usb-device\uac-dac\iar-stm32f411ce\..\..\..\..\3rd-party\drivers\libusb_stm32\inc\
#        -On)
#    Locale            =  C
#    List file         =
#        C:\Programming\Microcontrollers\Devices\apps\usb-device\uac-dac\iar-stm32f411ce\uac-otgfs-spi-i2s\List\main.lst
#    Object file       =
#        C:\Programming\Microcontrollers\Devices\apps\usb-device\uac-dac\iar-stm32f411ce\uac-otgfs-spi-i2s\Obj\main.o
#    Runtime model:       
#      __SystemLibrary =  DLib
#      __dlib_version  =  6
#
###############################################################################

C:\Programming\Microcontrollers\Devices\apps\usb-device\uac-dac\src\main.c
      1          /*
      2          * Copyright (c) 2018 Vladimir Alemasov
      3          * All rights reserved
      4          *
      5          * This program and the accompanying materials are distributed under 
      6          * the terms of GNU General Public License version 2 
      7          * as published by the Free Software Foundation.
      8          *
      9          * This program is distributed in the hope that it will be useful,
     10          * but WITHOUT ANY WARRANTY; without even the implied warranty of
     11          * MERCHANTABILITY or FITNESS FOR A PARTICULAR PURPOSE.  See the
     12          * GNU General Public License for more details.
     13          */
     14          
     15          #include "platform.h"
     16          #include "usb-uac-i2s.h"
     17          
     18          void main(void)
     19          {
     20          	platform_init();
     21          	usb_uac_i2s_init();
     22          	usb_uac_i2s_loop();
     23          }

   Maximum stack usage in bytes:

   .cstack Function
   ------- --------
       8   main
         8   -> platform_init
         8   -> usb_uac_i2s_init
         8   -> usb_uac_i2s_loop


   Section sizes:

   Bytes  Function/Label
   -----  --------------
      16  main

 
 16 bytes in section .text
 
 16 bytes of CODE memory

Errors: none
Warnings: none
